// Jest Snapshot v1, https://goo.gl/fbAQLP

exports[`GuessSingerScreen correctly renders 1`] = `
<article
  id="game-artist"
>
  <section
    className="game game--artist"
  >
    <header
      className="game__header"
    >
      <a
        className="game__back"
        href="#"
      >
        <span
          className="visually-hidden"
        >
          Сыграть ещё раз
        </span>
        <img
          alt="Угадай мелодию"
          className="game__logo"
          src="img/melody-logo-ginger.png"
        />
      </a>
      <svg
        className="timer"
        viewBox="0 0 780 780"
        xmlns="http://www.w3.org/2000/svg"
      >
        <circle
          className="timer__line"
          cx="390"
          cy="390"
          r="370"
          style={
            Object {
              "filter": "url(#blur)",
              "transform": "rotate(-90deg) scaleY(-1)",
              "transformOrigin": "center",
            }
          }
        />
      </svg>
      <div
        className="timer__value"
        xmlns="http://www.w3.org/1999/xhtml"
      >
        <span
          className="timer__mins"
        >
          0
        </span>
        <span
          className="timer__dots"
        >
          :
        </span>
        <span
          className="timer__secs"
        >
          00
        </span>
      </div>
      <div
        className="game__mistakes"
      >
        <div
          className="wrong"
        >
          0
        </div>
        <div
          className="wrong"
        >
          0
        </div>
        <div
          className="wrong"
        >
          0
        </div>
      </div>
    </header>
    <section
      className="game__screen"
    >
      <h2
        className="game__title"
      >
        Кто исполняет эту песню?
      </h2>
      <div
        className="game__track"
      >
        <div
          className="track"
        >
          <button
            className="track__button track__button--play"
            type="button"
          />
          <div
            className="track__status"
          >
            <audio />
          </div>
        </div>
      </div>
      <form
        className="game__artist"
      >
        <div
          className="artist"
        >
          <input
            className="artist__input visually-hidden"
            id="answer-1"
            name="answer"
            onChange={[Function]}
            type="radio"
            value="Il Volo"
          />
          <label
            className="artist__name"
            htmlFor="answer-1"
          >
            <img
              alt="Il Volo"
              className="artist__picture"
              src="img/ilvolo.jpg"
            />
            Il Volo
          </label>
        </div>
        <div
          className="artist"
        >
          <input
            className="artist__input visually-hidden"
            id="answer-2"
            name="answer"
            onChange={[Function]}
            type="radio"
            value="Biagio Antonacci"
          />
          <label
            className="artist__name"
            htmlFor="answer-2"
          >
            <img
              alt="Biagio Antonacci"
              className="artist__picture"
              src="img/biagio.jpg"
            />
            Biagio Antonacci
          </label>
        </div>
        <div
          className="artist"
        >
          <input
            className="artist__input visually-hidden"
            id="answer-3"
            name="answer"
            onChange={[Function]}
            type="radio"
            value="Adriano Celentano"
          />
          <label
            className="artist__name"
            htmlFor="answer-3"
          >
            <img
              alt="Adriano Celentano"
              className="artist__picture"
              src="img/adriano.jpg"
            />
            Adriano Celentano
          </label>
        </div>
      </form>
    </section>
  </section>
</article>
`;
